=== RUN   TestJoinsAddJoin
--- PASS: TestJoinsAddJoin (0.00s)
=== RUN   TestFilterBuilderAnd
--- PASS: TestFilterBuilderAnd (0.00s)
=== RUN   TestFilterBuilderOr
--- PASS: TestFilterBuilderOr (0.00s)
=== RUN   TestFilterBuilderNot
--- PASS: TestFilterBuilderNot (0.00s)
=== RUN   TestAddJoin
--- PASS: TestAddJoin (0.00s)
=== RUN   TestAddWhere
--- PASS: TestAddWhere (0.00s)
=== RUN   TestAddHaving
--- PASS: TestAddHaving (0.00s)
=== RUN   TestGenerateWhereClauses
--- PASS: TestGenerateWhereClauses (0.00s)
=== RUN   TestGenerateHavingClauses
--- PASS: TestGenerateHavingClauses (0.00s)
=== RUN   TestGetAllJoins
--- PASS: TestGetAllJoins (0.00s)
=== RUN   TestGetError
--- PASS: TestGetError (0.00s)
=== RUN   TestStringCriterionHandlerIncludes
--- PASS: TestStringCriterionHandlerIncludes (0.00s)
=== RUN   TestStringCriterionHandlerExcludes
--- PASS: TestStringCriterionHandlerExcludes (0.00s)
=== RUN   TestStringCriterionHandlerEquals
--- PASS: TestStringCriterionHandlerEquals (0.00s)
=== RUN   TestStringCriterionHandlerNotEquals
--- PASS: TestStringCriterionHandlerNotEquals (0.00s)
=== RUN   TestStringCriterionHandlerMatchesRegex
--- PASS: TestStringCriterionHandlerMatchesRegex (0.00s)
=== RUN   TestStringCriterionHandlerNotMatchesRegex
--- PASS: TestStringCriterionHandlerNotMatchesRegex (0.00s)
=== RUN   TestStringCriterionHandlerIsNull
--- PASS: TestStringCriterionHandlerIsNull (0.00s)
=== RUN   TestStringCriterionHandlerNotNull
--- PASS: TestStringCriterionHandlerNotNull (0.00s)
PASS
ok  	github.com/stashapp/stash/pkg/sqlite	(cached)
=== RUN   TestConvertMapJSONNumbers
=== RUN   TestConvertMapJSONNumbers/Convert_JSON_numbers_to_numbers
=== RUN   TestConvertMapJSONNumbers/Convert_JSON_numbers_to_numbers_in_nested_maps
--- PASS: TestConvertMapJSONNumbers (0.00s)
    --- PASS: TestConvertMapJSONNumbers/Convert_JSON_numbers_to_numbers (0.00s)
    --- PASS: TestConvertMapJSONNumbers/Convert_JSON_numbers_to_numbers_in_nested_maps (0.00s)
=== RUN   TestTagCreate
--- PASS: TestTagCreate (0.00s)
=== RUN   TestTimestampSymmetry
--- PASS: TestTimestampSymmetry (0.00s)
=== RUN   TestTimestamp
=== RUN   TestTimestamp/reflexivity
=== RUN   TestTimestamp/rfc3339
=== RUN   TestTimestamp/date
=== RUN   TestTimestamp/datetime
--- PASS: TestTimestamp (0.00s)
    --- PASS: TestTimestamp/reflexivity (0.00s)
    --- PASS: TestTimestamp/rfc3339 (0.00s)
    --- PASS: TestTimestamp/date (0.00s)
    --- PASS: TestTimestamp/datetime (0.00s)
=== RUN   TestTimestampRelative
=== RUN   TestTimestampRelative/past
=== RUN   TestTimestampRelative/future
--- PASS: TestTimestampRelative (0.00s)
    --- PASS: TestTimestampRelative/past (0.00s)
    --- PASS: TestTimestampRelative/future (0.00s)
PASS
ok  	github.com/stashapp/stash/internal/api	(cached)
=== RUN   TestParseDateStringAsTime
=== RUN   TestParseDateStringAsTime/RFC3339
=== RUN   TestParseDateStringAsTime/Date_only
=== RUN   TestParseDateStringAsTime/Date_with_time
=== RUN   TestParseDateStringAsTime/Year-Month
=== RUN   TestParseDateStringAsTime/Year_only
=== RUN   TestParseDateStringAsTime/Invalid_format
=== RUN   TestParseDateStringAsTime/Empty_string
--- PASS: TestParseDateStringAsTime (0.00s)
    --- PASS: TestParseDateStringAsTime/RFC3339 (0.00s)
    --- PASS: TestParseDateStringAsTime/Date_only (0.00s)
    --- PASS: TestParseDateStringAsTime/Date_with_time (0.00s)
    --- PASS: TestParseDateStringAsTime/Year-Month (0.00s)
    --- PASS: TestParseDateStringAsTime/Year_only (0.00s)
    --- PASS: TestParseDateStringAsTime/Invalid_format (0.00s)
    --- PASS: TestParseDateStringAsTime/Empty_string (0.00s)
=== RUN   TestFingerprints_Equals
=== RUN   TestFingerprints_Equals/identical
=== RUN   TestFingerprints_Equals/different_order
=== RUN   TestFingerprints_Equals/different_length
=== RUN   TestFingerprints_Equals/different
--- PASS: TestFingerprints_Equals (0.00s)
    --- PASS: TestFingerprints_Equals/identical (0.00s)
    --- PASS: TestFingerprints_Equals/different_order (0.00s)
    --- PASS: TestFingerprints_Equals/different_length (0.00s)
    --- PASS: TestFingerprints_Equals/different (0.00s)
=== RUN   TestFingerprints_ContentsChanged
=== RUN   TestFingerprints_ContentsChanged/identical
=== RUN   TestFingerprints_ContentsChanged/has_new
=== RUN   TestFingerprints_ContentsChanged/has_different_value
--- PASS: TestFingerprints_ContentsChanged (0.00s)
    --- PASS: TestFingerprints_ContentsChanged/identical (0.00s)
    --- PASS: TestFingerprints_ContentsChanged/has_new (0.00s)
    --- PASS: TestFingerprints_ContentsChanged/has_different_value (0.00s)
=== RUN   TestScenePartial_UpdateInput
=== RUN   TestScenePartial_UpdateInput/full
=== RUN   TestScenePartial_UpdateInput/empty
--- PASS: TestScenePartial_UpdateInput (0.00s)
    --- PASS: TestScenePartial_UpdateInput/full (0.00s)
    --- PASS: TestScenePartial_UpdateInput/empty (0.00s)
=== RUN   Test_scrapedToStudioInput
=== RUN   Test_scrapedToStudioInput/set_all
=== RUN   Test_scrapedToStudioInput/set_url_instead_of_urls
=== RUN   Test_scrapedToStudioInput/set_none
=== RUN   Test_scrapedToStudioInput/missing_remoteSiteID
=== RUN   Test_scrapedToStudioInput/set_stashid
--- PASS: Test_scrapedToStudioInput (0.00s)
    --- PASS: Test_scrapedToStudioInput/set_all (0.00s)
    --- PASS: Test_scrapedToStudioInput/set_url_instead_of_urls (0.00s)
    --- PASS: Test_scrapedToStudioInput/set_none (0.00s)
    --- PASS: Test_scrapedToStudioInput/missing_remoteSiteID (0.00s)
    --- PASS: Test_scrapedToStudioInput/set_stashid (0.00s)
=== RUN   Test_scrapedToPerformerInput
=== RUN   Test_scrapedToPerformerInput/set_all
=== RUN   Test_scrapedToPerformerInput/set_none
=== RUN   Test_scrapedToPerformerInput/missing_remoteSiteID
=== RUN   Test_scrapedToPerformerInput/set_stashid
--- PASS: Test_scrapedToPerformerInput (0.00s)
    --- PASS: Test_scrapedToPerformerInput/set_all (0.00s)
    --- PASS: Test_scrapedToPerformerInput/set_none (0.00s)
    --- PASS: Test_scrapedToPerformerInput/missing_remoteSiteID (0.00s)
    --- PASS: Test_scrapedToPerformerInput/set_stashid (0.00s)
=== RUN   TestScrapedStudio_ToPartial
=== RUN   TestScrapedStudio_ToPartial/full_no_exclusions
=== RUN   TestScrapedStudio_ToPartial/exclude_all
=== RUN   TestScrapedStudio_ToPartial/overwrite_stash_id
--- PASS: TestScrapedStudio_ToPartial (0.00s)
    --- PASS: TestScrapedStudio_ToPartial/full_no_exclusions (0.00s)
    --- PASS: TestScrapedStudio_ToPartial/exclude_all (0.00s)
    --- PASS: TestScrapedStudio_ToPartial/overwrite_stash_id (0.00s)
=== RUN   TestRating100To5
=== RUN   TestRating100To5/20
=== RUN   TestRating100To5/100
=== RUN   TestRating100To5/1
=== RUN   TestRating100To5/10
=== RUN   TestRating100To5/11
=== RUN   TestRating100To5/21
=== RUN   TestRating100To5/31
=== RUN   TestRating100To5/0
=== RUN   TestRating100To5/-100
=== RUN   TestRating100To5/120
--- PASS: TestRating100To5 (0.00s)
    --- PASS: TestRating100To5/20 (0.00s)
    --- PASS: TestRating100To5/100 (0.00s)
    --- PASS: TestRating100To5/1 (0.00s)
    --- PASS: TestRating100To5/10 (0.00s)
    --- PASS: TestRating100To5/11 (0.00s)
    --- PASS: TestRating100To5/21 (0.00s)
    --- PASS: TestRating100To5/31 (0.00s)
    --- PASS: TestRating100To5/0 (0.00s)
    --- PASS: TestRating100To5/-100 (0.00s)
    --- PASS: TestRating100To5/120 (0.00s)
=== RUN   TestRating5To100
=== RUN   TestRating5To100/1
=== RUN   TestRating5To100/5
=== RUN   TestRating5To100/2
=== RUN   TestRating5To100/3
=== RUN   TestRating5To100/4
=== RUN   TestRating5To100/6
=== RUN   TestRating5To100/0
=== RUN   TestRating5To100/-1
--- PASS: TestRating5To100 (0.00s)
    --- PASS: TestRating5To100/1 (0.00s)
    --- PASS: TestRating5To100/5 (0.00s)
    --- PASS: TestRating5To100/2 (0.00s)
    --- PASS: TestRating5To100/3 (0.00s)
    --- PASS: TestRating5To100/4 (0.00s)
    --- PASS: TestRating5To100/6 (0.00s)
    --- PASS: TestRating5To100/0 (0.00s)
    --- PASS: TestRating5To100/-1 (0.00s)
=== RUN   TestParseSearchString
=== RUN   TestParseSearchString/basic
=== RUN   TestParseSearchString/empty
=== RUN   TestParseSearchString/whitespace
=== RUN   TestParseSearchString/single
=== RUN   TestParseSearchString/quoted
=== RUN   TestParseSearchString/quoted_double_space
=== RUN   TestParseSearchString/quoted_end_space
=== RUN   TestParseSearchString/no_matching_end_quote
=== RUN   TestParseSearchString/no_matching_start_quote
=== RUN   TestParseSearchString/or
=== RUN   TestParseSearchString/multi_or
=== RUN   TestParseSearchString/lowercase_or
=== RUN   TestParseSearchString/or_symbol
=== RUN   TestParseSearchString/quoted_or
=== RUN   TestParseSearchString/quoted_or_symbol
=== RUN   TestParseSearchString/or_phrases
=== RUN   TestParseSearchString/or_at_start
=== RUN   TestParseSearchString/or_at_end
=== RUN   TestParseSearchString/or_symbol_at_start
=== RUN   TestParseSearchString/or_symbol_at_end
=== RUN   TestParseSearchString/nots
=== RUN   TestParseSearchString/not_or
=== RUN   TestParseSearchString/not_phrase
=== RUN   TestParseSearchString/not_in_phrase
=== RUN   TestParseSearchString/double_not
=== RUN   TestParseSearchString/empty_quote
=== RUN   TestParseSearchString/not_empty_quote
=== RUN   TestParseSearchString/quote_in_word
--- PASS: TestParseSearchString (0.00s)
    --- PASS: TestParseSearchString/basic (0.00s)
    --- PASS: TestParseSearchString/empty (0.00s)
    --- PASS: TestParseSearchString/whitespace (0.00s)
    --- PASS: TestParseSearchString/single (0.00s)
    --- PASS: TestParseSearchString/quoted (0.00s)
    --- PASS: TestParseSearchString/quoted_double_space (0.00s)
    --- PASS: TestParseSearchString/quoted_end_space (0.00s)
    --- PASS: TestParseSearchString/no_matching_end_quote (0.00s)
    --- PASS: TestParseSearchString/no_matching_start_quote (0.00s)
    --- PASS: TestParseSearchString/or (0.00s)
    --- PASS: TestParseSearchString/multi_or (0.00s)
    --- PASS: TestParseSearchString/lowercase_or (0.00s)
    --- PASS: TestParseSearchString/or_symbol (0.00s)
    --- PASS: TestParseSearchString/quoted_or (0.00s)
    --- PASS: TestParseSearchString/quoted_or_symbol (0.00s)
    --- PASS: TestParseSearchString/or_phrases (0.00s)
    --- PASS: TestParseSearchString/or_at_start (0.00s)
    --- PASS: TestParseSearchString/or_at_end (0.00s)
    --- PASS: TestParseSearchString/or_symbol_at_start (0.00s)
    --- PASS: TestParseSearchString/or_symbol_at_end (0.00s)
    --- PASS: TestParseSearchString/nots (0.00s)
    --- PASS: TestParseSearchString/not_or (0.00s)
    --- PASS: TestParseSearchString/not_phrase (0.00s)
    --- PASS: TestParseSearchString/not_in_phrase (0.00s)
    --- PASS: TestParseSearchString/double_not (0.00s)
    --- PASS: TestParseSearchString/empty_quote (0.00s)
    --- PASS: TestParseSearchString/not_empty_quote (0.00s)
    --- PASS: TestParseSearchString/quote_in_word (0.00s)
=== RUN   TestUpdateIDs_ImpactedIDs
=== RUN   TestUpdateIDs_ImpactedIDs/add
=== RUN   TestUpdateIDs_ImpactedIDs/remove
=== RUN   TestUpdateIDs_ImpactedIDs/set
--- PASS: TestUpdateIDs_ImpactedIDs (0.00s)
    --- PASS: TestUpdateIDs_ImpactedIDs/add (0.00s)
    --- PASS: TestUpdateIDs_ImpactedIDs/remove (0.00s)
    --- PASS: TestUpdateIDs_ImpactedIDs/set (0.00s)
=== RUN   TestApplyUpdate
=== RUN   TestApplyUpdate/add
=== RUN   TestApplyUpdate/remove
=== RUN   TestApplyUpdate/set
--- PASS: TestApplyUpdate (0.00s)
    --- PASS: TestApplyUpdate/add (0.00s)
    --- PASS: TestApplyUpdate/remove (0.00s)
    --- PASS: TestApplyUpdate/set (0.00s)
PASS
ok  	github.com/stashapp/stash/pkg/models	(cached)
?   	github.com/stashapp/stash/internal/api/loaders	[no test files]
